
> fitgym@1.0.0 build
> next build

  Γû▓ Next.js 14.2.35
  - Environments: .env.local

   Creating an optimized production build ...
 Γ£ô Compiled successfully
   Linting and checking validity of types ...
node.exe : Failed to 
compile.
At line:1 char:1
+ & "C:\Program 
Files\nodejs/node.exe" 
"C:\Program 
Files\nodejs/node_mo ...
+ ~~~~~~~~~~~~~~~~~~~~~~~~~
~~~~~~~~~~~~~~~~~~~~~~~~~~~
~~~~~~~~~~~~~~~~~
    + CategoryInfo         
     : NotSpecified: (Fai  
  led to compile.:String   
 ) [], RemoteException
    + FullyQualifiedErrorI 
   d : NativeCommandError
 

./app/coach/calories/page.t
sx:861:40
Type error: Type '"medium" 
| "high" | "low" | 
undefined' is not 
assignable to type 
'"medium" | "high" | 
"low"'.
  Type 'undefined' is not 
assignable to type 
'"medium" | "high" | 
"low"'.

[0m [90m 859 |[39m      
                 [33m<[39
m[33m/[39m[33mdiv[39m[
33m>[39m[0m
[0m [90m 860 |[39m[0m
[0m[31m[1m>[22m[39m[9
0m 861 |[39m              
         [33m<[39m[33mCo
nfidenceBadge[39m level[3
3m=[39m{entry[33m.[39mre
sult[33m.[39mconfidence} 
[33m/[39m[33m>[39m[0m
[0m [90m     |[39m      
                           
       
[31m[1m^[22m[39m[0m
[0m [90m 862 |[39m[0m
[0m [90m 863 |[39m      
                 {[90m/* 
Delete */[39m}[0m
[0m [90m 864 |[39m      
                 [33m<[39
m[33mbutton[39m 
onClick[33m=[39m{() 
[33m=>[39m deleteEntry(en
try[33m.[39mid)}[0m
Next.js build worker 
exited with code: 1 and 
signal: null
